 |  /           |                  
 ' /   __| _` | __|  _ \   __|    
 . \  |   (   | |   (   |\__ \  
_|\_\_|  \__,_|\__|\___/ ____/
           Multi-Physics 10.4."2"-physicsnemo-application-310e100cc05-Release-x86_64
           Compiled for GNU/Linux and Python3.12 with Clang-18.1
Compiled with threading and MPI support. Threading support with OpenMP.
Maximum number of threads: 20.
Running without MPI.
Importing    KratosPhysicsNeMoApplication 
Initializing KratosPhysicsNeMoApplication...
Importing    KratosConvectionDiffusionApplication 
 KRATOS ___ ___  _  ___   __   ___ ___ ___ ___ 
       / __/ _ || || | | / /__|   |_ _| __| __|
      | (_| (_) | .` || V /___| |) | || _|| _| 
       |___|___/|_||_| |_/    |___/___|_| |_|  APPLICATION
[WARNING] DEPRECATION-Warning; AnalysisStage: ModifyAfterSolverInitialize is deprecated. Please, use ModifyBeforeSolutionLoop instead. 
[WARNING] DEPRECATION-Warning; AnalysisStage: ModifyAfterSolverInitialize is deprecated. Please, use ModifyBeforeSolutionLoop instead. 
[WARNING] DEPRECATION-Warning; AnalysisStage: ModifyAfterSolverInitialize is deprecated. Please, use ModifyBeforeSolutionLoop instead. 
[WARNING] DEPRECATION-Warning; AnalysisStage: ModifyAfterSolverInitialize is deprecated. Please, use ModifyBeforeSolutionLoop instead. 
[WARNING] DEPRECATION-Warning; AnalysisStage: ModifyAfterSolverInitialize is deprecated. Please, use ModifyBeforeSolutionLoop instead. 
[WARNING] DEPRECATION-Warning; AnalysisStage: ModifyAfterSolverInitialize is deprecated. Please, use ModifyBeforeSolutionLoop instead. 
[WARNING] DEPRECATION-Warning; AnalysisStage: ModifyAfterSolverInitialize is deprecated. Please, use ModifyBeforeSolutionLoop instead. 
[WARNING] DEPRECATION-Warning; AnalysisStage: ModifyAfterSolverInitialize is deprecated. Please, use ModifyBeforeSolutionLoop instead. 
[WARNING] DEPRECATION-Warning; AnalysisStage: ModifyAfterSolverInitialize is deprecated. Please, use ModifyBeforeSolutionLoop instead. 
[WARNING] DEPRECATION-Warning; AnalysisStage: ModifyAfterSolverInitialize is deprecated. Please, use ModifyBeforeSolutionLoop instead. 
[WARNING] DEPRECATION-Warning; AnalysisStage: ModifyAfterSolverInitialize is deprecated. Please, use ModifyBeforeSolutionLoop instead. 
[WARNING] DEPRECATION-Warning; AnalysisStage: ModifyAfterSolverInitialize is deprecated. Please, use ModifyBeforeSolutionLoop instead. 
[WARNING] DEPRECATION-Warning; AnalysisStage: ModifyAfterSolverInitialize is deprecated. Please, use ModifyBeforeSolutionLoop instead. 
[WARNING] DEPRECATION-Warning; AnalysisStage: ModifyAfterSolverInitialize is deprecated. Please, use ModifyBeforeSolutionLoop instead. 
[WARNING] DEPRECATION-Warning; AnalysisStage: ModifyAfterSolverInitialize is deprecated. Please, use ModifyBeforeSolutionLoop instead. 
[WARNING] DEPRECATION-Warning; AnalysisStage: ModifyAfterSolverInitialize is deprecated. Please, use ModifyBeforeSolutionLoop instead. 
[WARNING] DEPRECATION-Warning; AnalysisStage: ModifyAfterSolverInitialize is deprecated. Please, use ModifyBeforeSolutionLoop instead. 
[WARNING] DEPRECATION-Warning; AnalysisStage: ModifyAfterSolverInitialize is deprecated. Please, use ModifyBeforeSolutionLoop instead. 
[WARNING] DEPRECATION-Warning; AnalysisStage: ModifyAfterSolverInitialize is deprecated. Please, use ModifyBeforeSolutionLoop instead. 
[WARNING] DEPRECATION-Warning; AnalysisStage: ModifyAfterSolverInitialize is deprecated. Please, use ModifyBeforeSolutionLoop instead. 
[WARNING] DEPRECATION-Warning; AnalysisStage: ModifyAfterSolverInitialize is deprecated. Please, use ModifyBeforeSolutionLoop instead. 
[WARNING] DEPRECATION-Warning; AnalysisStage: ModifyAfterSolverInitialize is deprecated. Please, use ModifyBeforeSolutionLoop instead. 
[WARNING] DEPRECATION-Warning; AnalysisStage: ModifyAfterSolverInitialize is deprecated. Please, use ModifyBeforeSolutionLoop instead. 
[WARNING] DEPRECATION-Warning; AnalysisStage: ModifyAfterSolverInitialize is deprecated. Please, use ModifyBeforeSolutionLoop instead. 
[WARNING] DEPRECATION-Warning; AnalysisStage: ModifyAfterSolverInitialize is deprecated. Please, use ModifyBeforeSolutionLoop instead. 
[WARNING] DEPRECATION-Warning; AnalysisStage: ModifyAfterSolverInitialize is deprecated. Please, use ModifyBeforeSolutionLoop instead. 
[WARNING] DEPRECATION-Warning; AnalysisStage: ModifyAfterSolverInitialize is deprecated. Please, use ModifyBeforeSolutionLoop instead. 
[WARNING] DEPRECATION-Warning; AnalysisStage: ModifyAfterSolverInitialize is deprecated. Please, use ModifyBeforeSolutionLoop instead. 
[WARNING] DEPRECATION-Warning; AnalysisStage: ModifyAfterSolverInitialize is deprecated. Please, use ModifyBeforeSolutionLoop instead. 
[WARNING] DEPRECATION-Warning; AnalysisStage: ModifyAfterSolverInitialize is deprecated. Please, use ModifyBeforeSolutionLoop instead. 
[WARNING] DEPRECATION-Warning; AnalysisStage: ModifyAfterSolverInitialize is deprecated. Please, use ModifyBeforeSolutionLoop instead. 
[WARNING] DEPRECATION-Warning; AnalysisStage: ModifyAfterSolverInitialize is deprecated. Please, use ModifyBeforeSolutionLoop instead. 
[WARNING] DEPRECATION-Warning; AnalysisStage: ModifyAfterSolverInitialize is deprecated. Please, use ModifyBeforeSolutionLoop instead. 
[WARNING] DEPRECATION-Warning; AnalysisStage: ModifyAfterSolverInitialize is deprecated. Please, use ModifyBeforeSolutionLoop instead. 
[WARNING] DEPRECATION-Warning; AnalysisStage: ModifyAfterSolverInitialize is deprecated. Please, use ModifyBeforeSolutionLoop instead. 
[WARNING] DEPRECATION-Warning; AnalysisStage: ModifyAfterSolverInitialize is deprecated. Please, use ModifyBeforeSolutionLoop instead. 
[WARNING] DEPRECATION-Warning; AnalysisStage: ModifyAfterSolverInitialize is deprecated. Please, use ModifyBeforeSolutionLoop instead. 
[WARNING] DEPRECATION-Warning; AnalysisStage: ModifyAfterSolverInitialize is deprecated. Please, use ModifyBeforeSolutionLoop instead. 
[WARNING] DEPRECATION-Warning; AnalysisStage: ModifyAfterSolverInitialize is deprecated. Please, use ModifyBeforeSolutionLoop instead. 
[WARNING] DEPRECATION-Warning; AnalysisStage: ModifyAfterSolverInitialize is deprecated. Please, use ModifyBeforeSolutionLoop instead. 
[WARNING] DEPRECATION-Warning; AnalysisStage: ModifyAfterSolverInitialize is deprecated. Please, use ModifyBeforeSolutionLoop instead. 
[WARNING] DEPRECATION-Warning; AnalysisStage: ModifyAfterSolverInitialize is deprecated. Please, use ModifyBeforeSolutionLoop instead. 
[WARNING] DEPRECATION-Warning; AnalysisStage: ModifyAfterSolverInitialize is deprecated. Please, use ModifyBeforeSolutionLoop instead. 
[WARNING] DEPRECATION-Warning; AnalysisStage: ModifyAfterSolverInitialize is deprecated. Please, use ModifyBeforeSolutionLoop instead. 
[WARNING] DEPRECATION-Warning; AnalysisStage: ModifyAfterSolverInitialize is deprecated. Please, use ModifyBeforeSolutionLoop instead. 
[WARNING] DEPRECATION-Warning; AnalysisStage: ModifyAfterSolverInitialize is deprecated. Please, use ModifyBeforeSolutionLoop instead. 
[WARNING] DEPRECATION-Warning; AnalysisStage: ModifyAfterSolverInitialize is deprecated. Please, use ModifyBeforeSolutionLoop instead. 
[WARNING] DEPRECATION-Warning; AnalysisStage: ModifyAfterSolverInitialize is deprecated. Please, use ModifyBeforeSolutionLoop instead. 
[WARNING] DEPRECATION-Warning; AnalysisStage: ModifyAfterSolverInitialize is deprecated. Please, use ModifyBeforeSolutionLoop instead. 
[WARNING] DEPRECATION-Warning; AnalysisStage: ModifyAfterSolverInitialize is deprecated. Please, use ModifyBeforeSolutionLoop instead. 
[WARNING] DEPRECATION-Warning; AnalysisStage: ModifyAfterSolverInitialize is deprecated. Please, use ModifyBeforeSolutionLoop instead. 
[WARNING] DEPRECATION-Warning; AnalysisStage: ModifyAfterSolverInitialize is deprecated. Please, use ModifyBeforeSolutionLoop instead. 
[WARNING] DEPRECATION-Warning; AnalysisStage: ModifyAfterSolverInitialize is deprecated. Please, use ModifyBeforeSolutionLoop instead. 
[WARNING] DEPRECATION-Warning; AnalysisStage: ModifyAfterSolverInitialize is deprecated. Please, use ModifyBeforeSolutionLoop instead. 
[WARNING] DEPRECATION-Warning; AnalysisStage: ModifyAfterSolverInitialize is deprecated. Please, use ModifyBeforeSolutionLoop instead. 
[WARNING] DEPRECATION-Warning; AnalysisStage: ModifyAfterSolverInitialize is deprecated. Please, use ModifyBeforeSolutionLoop instead. 
[WARNING] DEPRECATION-Warning; AnalysisStage: ModifyAfterSolverInitialize is deprecated. Please, use ModifyBeforeSolutionLoop instead. 
[WARNING] DEPRECATION-Warning; AnalysisStage: ModifyAfterSolverInitialize is deprecated. Please, use ModifyBeforeSolutionLoop instead. 
[WARNING] DEPRECATION-Warning; AnalysisStage: ModifyAfterSolverInitialize is deprecated. Please, use ModifyBeforeSolutionLoop instead. 
[WARNING] DEPRECATION-Warning; AnalysisStage: ModifyAfterSolverInitialize is deprecated. Please, use ModifyBeforeSolutionLoop instead. 
[WARNING] DEPRECATION-Warning; AnalysisStage: ModifyAfterSolverInitialize is deprecated. Please, use ModifyBeforeSolutionLoop instead. 
[WARNING] DEPRECATION-Warning; AnalysisStage: ModifyAfterSolverInitialize is deprecated. Please, use ModifyBeforeSolutionLoop instead. 
[WARNING] DEPRECATION-Warning; AnalysisStage: ModifyAfterSolverInitialize is deprecated. Please, use ModifyBeforeSolutionLoop instead. 
[WARNING] DEPRECATION-Warning; AnalysisStage: ModifyAfterSolverInitialize is deprecated. Please, use ModifyBeforeSolutionLoop instead. 
[WARNING] DEPRECATION-Warning; AnalysisStage: ModifyAfterSolverInitialize is deprecated. Please, use ModifyBeforeSolutionLoop instead. 
[WARNING] DEPRECATION-Warning; AnalysisStage: ModifyAfterSolverInitialize is deprecated. Please, use ModifyBeforeSolutionLoop instead. 
[WARNING] DEPRECATION-Warning; AnalysisStage: ModifyAfterSolverInitialize is deprecated. Please, use ModifyBeforeSolutionLoop instead. 
[WARNING] DEPRECATION-Warning; AnalysisStage: ModifyAfterSolverInitialize is deprecated. Please, use ModifyBeforeSolutionLoop instead. 
[WARNING] DEPRECATION-Warning; AnalysisStage: ModifyAfterSolverInitialize is deprecated. Please, use ModifyBeforeSolutionLoop instead. 
[WARNING] DEPRECATION-Warning; AnalysisStage: ModifyAfterSolverInitialize is deprecated. Please, use ModifyBeforeSolutionLoop instead. 
[WARNING] DEPRECATION-Warning; AnalysisStage: ModifyAfterSolverInitialize is deprecated. Please, use ModifyBeforeSolutionLoop instead. 
[WARNING] DEPRECATION-Warning; AnalysisStage: ModifyAfterSolverInitialize is deprecated. Please, use ModifyBeforeSolutionLoop instead. 
[WARNING] DEPRECATION-Warning; AnalysisStage: ModifyAfterSolverInitialize is deprecated. Please, use ModifyBeforeSolutionLoop instead. 
[WARNING] DEPRECATION-Warning; AnalysisStage: ModifyAfterSolverInitialize is deprecated. Please, use ModifyBeforeSolutionLoop instead. 
[WARNING] DEPRECATION-Warning; AnalysisStage: ModifyAfterSolverInitialize is deprecated. Please, use ModifyBeforeSolutionLoop instead. 
[WARNING] DEPRECATION-Warning; AnalysisStage: ModifyAfterSolverInitialize is deprecated. Please, use ModifyBeforeSolutionLoop instead. 
[WARNING] DEPRECATION-Warning; AnalysisStage: ModifyAfterSolverInitialize is deprecated. Please, use ModifyBeforeSolutionLoop instead. 
[WARNING] DEPRECATION-Warning; AnalysisStage: ModifyAfterSolverInitialize is deprecated. Please, use ModifyBeforeSolutionLoop instead. 
[WARNING] DEPRECATION-Warning; AnalysisStage: ModifyAfterSolverInitialize is deprecated. Please, use ModifyBeforeSolutionLoop instead. 
[WARNING] DEPRECATION-Warning; AnalysisStage: ModifyAfterSolverInitialize is deprecated. Please, use ModifyBeforeSolutionLoop instead. 
[WARNING] DEPRECATION-Warning; AnalysisStage: ModifyAfterSolverInitialize is deprecated. Please, use ModifyBeforeSolutionLoop instead. 
[WARNING] DEPRECATION-Warning; AnalysisStage: ModifyAfterSolverInitialize is deprecated. Please, use ModifyBeforeSolutionLoop instead. 
[WARNING] DEPRECATION-Warning; AnalysisStage: ModifyAfterSolverInitialize is deprecated. Please, use ModifyBeforeSolutionLoop instead. 
[WARNING] DEPRECATION-Warning; AnalysisStage: ModifyAfterSolverInitialize is deprecated. Please, use ModifyBeforeSolutionLoop instead. 
[WARNING] DEPRECATION-Warning; AnalysisStage: ModifyAfterSolverInitialize is deprecated. Please, use ModifyBefore  solved and masked 24/96 cases
  solved and masked 48/96 cases
  solved and masked 72/96 cases
  solved and masked 96/96 cases
EDM loss: 7.105e-01 -> best 1.254e-02
figure : ../data/inversion_training.png
SolutionLoop instead. 
[WARNING] DEPRECATION-Warning; AnalysisStage: ModifyAfterSolverInitialize is deprecated. Please, use ModifyBeforeSolutionLoop instead. 
[WARNING] DEPRECATION-Warning; AnalysisStage: ModifyAfterSolverInitialize is deprecated. Please, use ModifyBeforeSolutionLoop instead. 
[WARNING] DEPRECATION-Warning; AnalysisStage: ModifyAfterSolverInitialize is deprecated. Please, use ModifyBeforeSolutionLoop instead. 
[WARNING] DEPRECATION-Warning; AnalysisStage: ModifyAfterSolverInitialize is deprecated. Please, use ModifyBeforeSolutionLoop instead. 
[WARNING] DEPRECATION-Warning; AnalysisStage: ModifyAfterSolverInitialize is deprecated. Please, use ModifyBeforeSolutionLoop instead. 
[WARNING] DEPRECATION-Warning; AnalysisStage: ModifyAfterSolverInitialize is deprecated. Please, use ModifyBeforeSolutionLoop instead. 
[WARNING] DEPRECATION-Warning; AnalysisStage: ModifyAfterSolverInitialize is deprecated. Please, use ModifyBeforeSolutionLoop instead. 
[WARNING] DEPRECATION-Warning; AnalysisStage: ModifyAfterSolverInitialize is deprecated. Please, use ModifyBeforeSolutionLoop instead. 
[WARNING] DEPRECATION-Warning; AnalysisStage: ModifyAfterSolverInitialize is deprecated. Please, use ModifyBeforeSolutionLoop instead. 
[WARNING] DEPRECATION-Warning; AnalysisStage: ModifyAfterSolverInitialize is deprecated. Please, use ModifyBeforeSolutionLoop instead. 
[WARNING] DEPRECATION-Warning; AnalysisStage: ModifyAfterSolverInitialize is deprecated. Please, use ModifyBeforeSolutionLoop instead. 
