Multiple
a_bucket_sim_05a_Post_Files/a_bucket_sim_05a_0.04004.post.bin
a_bucket_sim_05a_Post_Files/a_bucket_sim_05a_0.08008.post.bin
a_bucket_sim_05a_Post_Files/a_bucket_sim_05a_0.12012.post.bin
a_bucket_sim_05a_Post_Files/a_bucket_sim_05a_0.16016.post.bin
a_bucket_sim_05a_Post_Files/a_bucket_sim_05a_0.2002.post.bin
a_bucket_sim_05a_Post_Files/a_bucket_sim_05a_0.24024.post.bin
a_bucket_sim_05a_Post_Files/a_bucket_sim_05a_0.28028.post.bin
a_bucket_sim_05a_Post_Files/a_bucket_sim_05a_0.32032.post.bin
a_bucket_sim_05a_Post_Files/a_bucket_sim_05a_0.36036.post.bin
a_bucket_sim_05a_Post_Files/a_bucket_sim_05a_0.4004.post.bin
a_bucket_sim_05a_Post_Files/a_bucket_sim_05a_0.44044.post.bin
a_bucket_sim_05a_Post_Files/a_bucket_sim_05a_0.48048.post.bin
a_bucket_sim_05a_Post_Files/a_bucket_sim_05a_0.52052.post.bin
a_bucket_sim_05a_Post_Files/a_bucket_sim_05a_0.56056.post.bin
a_bucket_sim_05a_Post_Files/a_bucket_sim_05a_0.6006.post.bin
a_bucket_sim_05a_Post_Files/a_bucket_sim_05a_0.64064.post.bin
a_bucket_sim_05a_Post_Files/a_bucket_sim_05a_0.68068.post.bin
a_bucket_sim_05a_Post_Files/a_bucket_sim_05a_0.72072.post.bin
a_bucket_sim_05a_Post_Files/a_bucket_sim_05a_0.76076.post.bin
a_bucket_sim_05a_Post_Files/a_bucket_sim_05a_0.8008.post.bin
a_bucket_sim_05a_Post_Files/a_bucket_sim_05a_0.84084.post.bin
a_bucket_sim_05a_Post_Files/a_bucket_sim_05a_0.88088.post.bin
a_bucket_sim_05a_Post_Files/a_bucket_sim_05a_0.92092.post.bin
a_bucket_sim_05a_Post_Files/a_bucket_sim_05a_0.96096.post.bin
a_bucket_sim_05a_Post_Files/a_bucket_sim_05a_1.001.post.bin
a_bucket_sim_05a_Post_Files/a_bucket_sim_05a_1.04104.post.bin
a_bucket_sim_05a_Post_Files/a_bucket_sim_05a_1.08108.post.bin
a_bucket_sim_05a_Post_Files/a_bucket_sim_05a_1.12112.post.bin
a_bucket_sim_05a_Post_Files/a_bucket_sim_05a_1.16116.post.bin
a_bucket_sim_05a_Post_Files/a_bucket_sim_05a_1.2012.post.bin
a_bucket_sim_05a_Post_Files/a_bucket_sim_05a_1.24124.post.bin
a_bucket_sim_05a_Post_Files/a_bucket_sim_05a_1.28128.post.bin
a_bucket_sim_05a_Post_Files/a_bucket_sim_05a_1.32132.post.bin
a_bucket_sim_05a_Post_Files/a_bucket_sim_05a_1.36136.post.bin
a_bucket_sim_05a_Post_Files/a_bucket_sim_05a_1.4014.post.bin
a_bucket_sim_05a_Post_Files/a_bucket_sim_05a_1.44144.post.bin
a_bucket_sim_05a_Post_Files/a_bucket_sim_05a_1.48148.post.bin
a_bucket_sim_05a_Post_Files/a_bucket_sim_05a_1.52152.post.bin
a_bucket_sim_05a_Post_Files/a_bucket_sim_05a_1.56156.post.bin
a_bucket_sim_05a_Post_Files/a_bucket_sim_05a_1.6016.post.bin
a_bucket_sim_05a_Post_Files/a_bucket_sim_05a_1.64164.post.bin
a_bucket_sim_05a_Post_Files/a_bucket_sim_05a_1.68168.post.bin
a_bucket_sim_05a_Post_Files/a_bucket_sim_05a_1.72172.post.bin
a_bucket_sim_05a_Post_Files/a_bucket_sim_05a_1.76176.post.bin
a_bucket_sim_05a_Post_Files/a_bucket_sim_05a_1.8018.post.bin
a_bucket_sim_05a_Post_Files/a_bucket_sim_05a_1.84184.post.bin
a_bucket_sim_05a_Post_Files/a_bucket_sim_05a_1.88188.post.bin
a_bucket_sim_05a_Post_Files/a_bucket_sim_05a_1.92192.post.bin
a_bucket_sim_05a_Post_Files/a_bucket_sim_05a_1.96196.post.bin
a_bucket_sim_05a_Post_Files/a_bucket_sim_05a_2.002.post.bin
a_bucket_sim_05a_Post_Files/a_bucket_sim_05a_2.04204.post.bin
a_bucket_sim_05a_Post_Files/a_bucket_sim_05a_2.08208.post.bin
a_bucket_sim_05a_Post_Files/a_bucket_sim_05a_2.12212.post.bin
a_bucket_sim_05a_Post_Files/a_bucket_sim_05a_2.16216.post.bin
a_bucket_sim_05a_Post_Files/a_bucket_sim_05a_2.2022.post.bin
a_bucket_sim_05a_Post_Files/a_bucket_sim_05a_2.24224.post.bin
a_bucket_sim_05a_Post_Files/a_bucket_sim_05a_2.28228.post.bin
a_bucket_sim_05a_Post_Files/a_bucket_sim_05a_2.32232.post.bin
a_bucket_sim_05a_Post_Files/a_bucket_sim_05a_2.36236.post.bin
a_bucket_sim_05a_Post_Files/a_bucket_sim_05a_2.4024.post.bin
a_bucket_sim_05a_Post_Files/a_bucket_sim_05a_2.44244.post.bin
a_bucket_sim_05a_Post_Files/a_bucket_sim_05a_2.48248.post.bin
a_bucket_sim_05a_Post_Files/a_bucket_sim_05a_2.52252.post.bin
a_bucket_sim_05a_Post_Files/a_bucket_sim_05a_2.56256.post.bin
a_bucket_sim_05a_Post_Files/a_bucket_sim_05a_2.6026.post.bin
a_bucket_sim_05a_Post_Files/a_bucket_sim_05a_2.64264.post.bin
a_bucket_sim_05a_Post_Files/a_bucket_sim_05a_2.68268.post.bin
a_bucket_sim_05a_Post_Files/a_bucket_sim_05a_2.72272.post.bin
a_bucket_sim_05a_Post_Files/a_bucket_sim_05a_2.76276.post.bin
a_bucket_sim_05a_Post_Files/a_bucket_sim_05a_2.8028.post.bin
a_bucket_sim_05a_Post_Files/a_bucket_sim_05a_2.84284.post.bin
a_bucket_sim_05a_Post_Files/a_bucket_sim_05a_2.88288.post.bin
a_bucket_sim_05a_Post_Files/a_bucket_sim_05a_2.92292.post.bin
a_bucket_sim_05a_Post_Files/a_bucket_sim_05a_2.96296.post.bin
a_bucket_sim_05a_Post_Files/a_bucket_sim_05a_3.003.post.bin
a_bucket_sim_05a_Post_Files/a_bucket_sim_05a_3.04304.post.bin
a_bucket_sim_05a_Post_Files/a_bucket_sim_05a_3.08308.post.bin
a_bucket_sim_05a_Post_Files/a_bucket_sim_05a_3.12312.post.bin
a_bucket_sim_05a_Post_Files/a_bucket_sim_05a_3.16316.post.bin
a_bucket_sim_05a_Post_Files/a_bucket_sim_05a_3.2032.post.bin
a_bucket_sim_05a_Post_Files/a_bucket_sim_05a_3.24324.post.bin
a_bucket_sim_05a_Post_Files/a_bucket_sim_05a_3.28328.post.bin
a_bucket_sim_05a_Post_Files/a_bucket_sim_05a_3.32332.post.bin
a_bucket_sim_05a_Post_Files/a_bucket_sim_05a_3.36336.post.bin
a_bucket_sim_05a_Post_Files/a_bucket_sim_05a_3.4034.post.bin
a_bucket_sim_05a_Post_Files/a_bucket_sim_05a_3.44344.post.bin
a_bucket_sim_05a_Post_Files/a_bucket_sim_05a_3.48348.post.bin
a_bucket_sim_05a_Post_Files/a_bucket_sim_05a_3.52352.post.bin
a_bucket_sim_05a_Post_Files/a_bucket_sim_05a_3.56356.post.bin
a_bucket_sim_05a_Post_Files/a_bucket_sim_05a_3.6036.post.bin
a_bucket_sim_05a_Post_Files/a_bucket_sim_05a_3.64364.post.bin
a_bucket_sim_05a_Post_Files/a_bucket_sim_05a_3.68368.post.bin
a_bucket_sim_05a_Post_Files/a_bucket_sim_05a_3.72372.post.bin
a_bucket_sim_05a_Post_Files/a_bucket_sim_05a_3.76376000001.post.bin
a_bucket_sim_05a_Post_Files/a_bucket_sim_05a_3.80380000001.post.bin
a_bucket_sim_05a_Post_Files/a_bucket_sim_05a_3.84384000001.post.bin
a_bucket_sim_05a_Post_Files/a_bucket_sim_05a_3.88388000001.post.bin
a_bucket_sim_05a_Post_Files/a_bucket_sim_05a_3.92392000001.post.bin
a_bucket_sim_05a_Post_Files/a_bucket_sim_05a_3.96396000001.post.bin
a_bucket_sim_05a_Post_Files/a_bucket_sim_05a_4.00400000001.post.bin
a_bucket_sim_05a_Post_Files/a_bucket_sim_05a_4.04404000001.post.bin
a_bucket_sim_05a_Post_Files/a_bucket_sim_05a_4.08408000001.post.bin
a_bucket_sim_05a_Post_Files/a_bucket_sim_05a_4.12412000001.post.bin
a_bucket_sim_05a_Post_Files/a_bucket_sim_05a_4.16416000001.post.bin
a_bucket_sim_05a_Post_Files/a_bucket_sim_05a_4.20420000001.post.bin
a_bucket_sim_05a_Post_Files/a_bucket_sim_05a_4.24424000001.post.bin
a_bucket_sim_05a_Post_Files/a_bucket_sim_05a_4.28428000001.post.bin
a_bucket_sim_05a_Post_Files/a_bucket_sim_05a_4.32432000001.post.bin
a_bucket_sim_05a_Post_Files/a_bucket_sim_05a_4.36436000001.post.bin
a_bucket_sim_05a_Post_Files/a_bucket_sim_05a_4.40440000001.post.bin
a_bucket_sim_05a_Post_Files/a_bucket_sim_05a_4.44444000001.post.bin
a_bucket_sim_05a_Post_Files/a_bucket_sim_05a_4.48448000001.post.bin
a_bucket_sim_05a_Post_Files/a_bucket_sim_05a_4.52452000001.post.bin
a_bucket_sim_05a_Post_Files/a_bucket_sim_05a_4.56456000001.post.bin
a_bucket_sim_05a_Post_Files/a_bucket_sim_05a_4.60460000001.post.bin
a_bucket_sim_05a_Post_Files/a_bucket_sim_05a_4.64464000001.post.bin
a_bucket_sim_05a_Post_Files/a_bucket_sim_05a_4.68468000001.post.bin
a_bucket_sim_05a_Post_Files/a_bucket_sim_05a_4.72472000001.post.bin
a_bucket_sim_05a_Post_Files/a_bucket_sim_05a_4.76476000001.post.bin
a_bucket_sim_05a_Post_Files/a_bucket_sim_05a_4.80480000001.post.bin
a_bucket_sim_05a_Post_Files/a_bucket_sim_05a_4.84484000001.post.bin
a_bucket_sim_05a_Post_Files/a_bucket_sim_05a_4.88488000001.post.bin
a_bucket_sim_05a_Post_Files/a_bucket_sim_05a_4.92492000001.post.bin
a_bucket_sim_05a_Post_Files/a_bucket_sim_05a_4.96496000001.post.bin
a_bucket_sim_05a_Post_Files/a_bucket_sim_05a_5.00500000001.post.bin
a_bucket_sim_05a_Post_Files/a_bucket_sim_05a_5.04504000001.post.bin
a_bucket_sim_05a_Post_Files/a_bucket_sim_05a_5.08508000001.post.bin
a_bucket_sim_05a_Post_Files/a_bucket_sim_05a_5.12512000001.post.bin
a_bucket_sim_05a_Post_Files/a_bucket_sim_05a_5.16516000001.post.bin
a_bucket_sim_05a_Post_Files/a_bucket_sim_05a_5.20520000001.post.bin
a_bucket_sim_05a_Post_Files/a_bucket_sim_05a_5.24524000001.post.bin
a_bucket_sim_05a_Post_Files/a_bucket_sim_05a_5.28528000001.post.bin
a_bucket_sim_05a_Post_Files/a_bucket_sim_05a_5.32532000001.post.bin
a_bucket_sim_05a_Post_Files/a_bucket_sim_05a_5.36536000001.post.bin
a_bucket_sim_05a_Post_Files/a_bucket_sim_05a_5.40540000001.post.bin
a_bucket_sim_05a_Post_Files/a_bucket_sim_05a_5.44544000001.post.bin
a_bucket_sim_05a_Post_Files/a_bucket_sim_05a_5.48548000001.post.bin
